kind: Cluster
apiVersion: kind.sigs.k8s.io/v1alpha3
kubeadmConfigPatches:
  - |
    apiVersion: kubeadm.k8s.io/v1beta2
    kind: ClusterConfiguration
    metadata:
      name: config
    networking:
      podSubnet: 10.4.0.0/14
      serviceSubnet: 100.1.0.0/16
      dnsDomain: cl1.local
nodes:
  - role: control-plane
  - role: worker
  - role: worker
  - role: worker
  - role: worker
  - role: worker